// Jest Snapshot v1, https://goo.gl/fbAQLP

exports[`Input Component matches the chip snapshot 1`] = `
<div
  className="container"
  style={null}
/>
`;
