// Jest Snapshot v1, https://goo.gl/fbAQLP

exports[`Loading Component matches the loading snapshot 1`] = `null`;
